Archive member included to satisfy reference by file (symbol)

/opt/gcc-arm-none-eabi/bin/../lib/gcc/arm-none-eabi/12.2.1/../../../../arm-none-eabi/lib/thumb/v7e-m/nofp/libg.a(libc_a-exit.o)
                              /opt/gcc-arm-none-eabi/bin/../lib/gcc/arm-none-eabi/12.2.1/../../../../arm-none-eabi/lib/thumb/v7e-m/nofp/crt0.o (exit)
/opt/gcc-arm-none-eabi/bin/../lib/gcc/arm-none-eabi/12.2.1/../../../../arm-none-eabi/lib/thumb/v7e-m/nofp/libg.a(libc_a-errno.o)
                              CMakeFiles/toy_car.elf.dir/Core/Src/syscalls.c.obj (__errno)
/opt/gcc-arm-none-eabi/bin/../lib/gcc/arm-none-eabi/12.2.1/../../../../arm-none-eabi/lib/thumb/v7e-m/nofp/libg.a(libc_a-__call_atexit.o)
                              /opt/gcc-arm-none-eabi/bin/../lib/gcc/arm-none-eabi/12.2.1/../../../../arm-none-eabi/lib/thumb/v7e-m/nofp/libg.a(libc_a-exit.o) (__call_exitprocs)
/opt/gcc-arm-none-eabi/bin/../lib/gcc/arm-none-eabi/12.2.1/../../../../arm-none-eabi/lib/thumb/v7e-m/nofp/libg.a(libc_a-memset.o)
                              /opt/gcc-arm-none-eabi/bin/../lib/gcc/arm-none-eabi/12.2.1/../../../../arm-none-eabi/lib/thumb/v7e-m/nofp/crt0.o (memset)
/opt/gcc-arm-none-eabi/bin/../lib/gcc/arm-none-eabi/12.2.1/../../../../arm-none-eabi/lib/thumb/v7e-m/nofp/libg.a(libc_a-init.o)
                              /opt/gcc-arm-none-eabi/bin/../lib/gcc/arm-none-eabi/12.2.1/../../../../arm-none-eabi/lib/thumb/v7e-m/nofp/crt0.o (__libc_init_array)
/opt/gcc-arm-none-eabi/bin/../lib/gcc/arm-none-eabi/12.2.1/../../../../arm-none-eabi/lib/thumb/v7e-m/nofp/libg.a(libc_a-fini.o)
                              /opt/gcc-arm-none-eabi/bin/../lib/gcc/arm-none-eabi/12.2.1/../../../../arm-none-eabi/lib/thumb/v7e-m/nofp/libg.a(libc_a-__call_atexit.o) (__libc_fini_array)
/opt/gcc-arm-none-eabi/bin/../lib/gcc/arm-none-eabi/12.2.1/../../../../arm-none-eabi/lib/thumb/v7e-m/nofp/libg.a(libc_a-lock.o)
                              /opt/gcc-arm-none-eabi/bin/../lib/gcc/arm-none-eabi/12.2.1/../../../../arm-none-eabi/lib/thumb/v7e-m/nofp/libg.a(libc_a-__call_atexit.o) (__retarget_lock_acquire_recursive)
/opt/gcc-arm-none-eabi/bin/../lib/gcc/arm-none-eabi/12.2.1/../../../../arm-none-eabi/lib/thumb/v7e-m/nofp/libg.a(libc_a-atexit.o)
                              /opt/gcc-arm-none-eabi/bin/../lib/gcc/arm-none-eabi/12.2.1/../../../../arm-none-eabi/lib/thumb/v7e-m/nofp/libg.a(libc_a-__call_atexit.o) (atexit)
/opt/gcc-arm-none-eabi/bin/../lib/gcc/arm-none-eabi/12.2.1/../../../../arm-none-eabi/lib/thumb/v7e-m/nofp/libg.a(libc_a-impure.o)
                              /opt/gcc-arm-none-eabi/bin/../lib/gcc/arm-none-eabi/12.2.1/../../../../arm-none-eabi/lib/thumb/v7e-m/nofp/libg.a(libc_a-errno.o) (_impure_ptr)
/opt/gcc-arm-none-eabi/bin/../lib/gcc/arm-none-eabi/12.2.1/../../../../arm-none-eabi/lib/thumb/v7e-m/nofp/libg.a(libc_a-findfp.o)
                              /opt/gcc-arm-none-eabi/bin/../lib/gcc/arm-none-eabi/12.2.1/../../../../arm-none-eabi/lib/thumb/v7e-m/nofp/libg.a(libc_a-impure.o) (__sf)
/opt/gcc-arm-none-eabi/bin/../lib/gcc/arm-none-eabi/12.2.1/../../../../arm-none-eabi/lib/thumb/v7e-m/nofp/libg.a(libc_a-stdio.o)
                              /opt/gcc-arm-none-eabi/bin/../lib/gcc/arm-none-eabi/12.2.1/../../../../arm-none-eabi/lib/thumb/v7e-m/nofp/libg.a(libc_a-findfp.o) (__sread)
/opt/gcc-arm-none-eabi/bin/../lib/gcc/arm-none-eabi/12.2.1/../../../../arm-none-eabi/lib/thumb/v7e-m/nofp/libg.a(libc_a-fwalk.o)
                              /opt/gcc-arm-none-eabi/bin/../lib/gcc/arm-none-eabi/12.2.1/../../../../arm-none-eabi/lib/thumb/v7e-m/nofp/libg.a(libc_a-findfp.o) (_fwalk_sglue)
/opt/gcc-arm-none-eabi/bin/../lib/gcc/arm-none-eabi/12.2.1/../../../../arm-none-eabi/lib/thumb/v7e-m/nofp/libg.a(libc_a-writer.o)
                              /opt/gcc-arm-none-eabi/bin/../lib/gcc/arm-none-eabi/12.2.1/../../../../arm-none-eabi/lib/thumb/v7e-m/nofp/libg.a(libc_a-stdio.o) (_write_r)
/opt/gcc-arm-none-eabi/bin/../lib/gcc/arm-none-eabi/12.2.1/../../../../arm-none-eabi/lib/thumb/v7e-m/nofp/libg.a(libc_a-__atexit.o)
                              /opt/gcc-arm-none-eabi/bin/../lib/gcc/arm-none-eabi/12.2.1/../../../../arm-none-eabi/lib/thumb/v7e-m/nofp/libg.a(libc_a-atexit.o) (__register_exitproc)
/opt/gcc-arm-none-eabi/bin/../lib/gcc/arm-none-eabi/12.2.1/../../../../arm-none-eabi/lib/thumb/v7e-m/nofp/libg.a(libc_a-mallocr.o)
                              /opt/gcc-arm-none-eabi/bin/../lib/gcc/arm-none-eabi/12.2.1/../../../../arm-none-eabi/lib/thumb/v7e-m/nofp/libg.a(libc_a-findfp.o) (_malloc_r)
/opt/gcc-arm-none-eabi/bin/../lib/gcc/arm-none-eabi/12.2.1/../../../../arm-none-eabi/lib/thumb/v7e-m/nofp/libg.a(libc_a-fclose.o)
                              /opt/gcc-arm-none-eabi/bin/../lib/gcc/arm-none-eabi/12.2.1/../../../../arm-none-eabi/lib/thumb/v7e-m/nofp/libg.a(libc_a-findfp.o) (_fclose_r)
/opt/gcc-arm-none-eabi/bin/../lib/gcc/arm-none-eabi/12.2.1/../../../../arm-none-eabi/lib/thumb/v7e-m/nofp/libg.a(libc_a-sysconf.o)
[...]
Memory Configuration

Name             Origin             Length             Attributes
CCMRAM           0x10000000         0x00002000         xrw
RAM              0x20000000         0x0000a000         xrw
FLASH            0x08000000         0x00040000         xr
*default*        0x00000000         0xffffffff

Linker script and memory map

LOAD /opt/gcc-arm-none-eabi/bin/../lib/gcc/arm-none-eabi/12.2.1/thumb/v7e-m/nofp/crti.o
LOAD /opt/gcc-arm-none-eabi/bin/../lib/gcc/arm-none-eabi/12.2.1/thumb/v7e-m/nofp/crtbegin.o
LOAD /opt/gcc-arm-none-eabi/bin/../lib/gcc/arm-none-eabi/12.2.1/../../../../arm-none-eabi/lib/thumb/v7e-m/nofp/crt0.o
LOAD CMakeFiles/toy_car.elf.dir/Core/Src/main.c.obj
LOAD CMakeFiles/toy_car.elf.dir/Core/Src/stm32f3xx_hal_msp.c.obj
LOAD CMakeFiles/toy_car.elf.dir/Core/Src/stm32f3xx_it.c.obj
LOAD CMakeFiles/toy_car.elf.dir/Core/Src/syscalls.c.obj
LOAD CMakeFiles/toy_car.elf.dir/Core/Src/sysmem.c.obj
LOAD CMakeFiles/toy_car.elf.dir/Core/Src/system_stm32f3xx.c.obj
LOAD CMakeFiles/toy_car.elf.dir/Core/Startup/startup_stm32f303vctx.s.obj
LOAD CMakeFiles/toy_car.elf.dir/Core/drivers/Src/gpio.c.obj
LOAD CMakeFiles/toy_car.elf.dir/Drivers/STM32F3xx_HAL_Driver/Src/stm32f3xx_hal.c.obj
LOAD CMakeFiles/toy_car.elf.dir/Drivers/STM32F3xx_HAL_Driver/Src/stm32f3xx_hal_cortex.c.obj
LOAD CMakeFiles/toy_car.elf.dir/Drivers/STM32F3xx_HAL_Driver/Src/stm32f3xx_hal_dma.c.obj
LOAD CMakeFiles/toy_car.elf.dir/Drivers/STM32F3xx_HAL_Driver/Src/stm32f3xx_hal_exti.c.obj
LOAD CMakeFiles/toy_car.elf.dir/Drivers/STM32F3xx_HAL_Driver/Src/stm32f3xx_hal_flash.c.obj
LOAD CMakeFiles/toy_car.elf.dir/Drivers/STM32F3xx_HAL_Driver/Src/stm32f3xx_hal_flash_ex.c.obj
LOAD CMakeFiles/toy_car.elf.dir/Drivers/STM32F3xx_HAL_Driver/Src/stm32f3xx_hal_gpio.c.obj
LOAD CMakeFiles/toy_car.elf.dir/Drivers/STM32F3xx_HAL_Driver/Src/stm32f3xx_hal_i2c.c.obj
LOAD CMakeFiles/toy_car.elf.dir/Drivers/STM32F3xx_HAL_Driver/Src/stm32f3xx_hal_i2c_ex.c.obj
LOAD CMakeFiles/toy_car.elf.dir/Drivers/STM32F3xx_HAL_Driver/Src/stm32f3xx_hal_pcd.c.obj
LOAD CMakeFiles/toy_car.elf.dir/Drivers/STM32F3xx_HAL_Driver/Src/stm32f3xx_hal_pcd_ex.c.obj
LOAD CMakeFiles/toy_car.elf.dir/Drivers/STM32F3xx_HAL_Driver/Src/stm32f3xx_hal_pwr.c.obj
LOAD CMakeFiles/toy_car.elf.dir/Drivers/STM32F3xx_HAL_Driver/Src/stm32f3xx_hal_pwr_ex.c.obj
LOAD CMakeFiles/toy_car.elf.dir/Drivers/STM32F3xx_HAL_Driver/Src/stm32f3xx_hal_rcc.c.obj
LOAD CMakeFiles/toy_car.elf.dir/Drivers/STM32F3xx_HAL_Driver/Src/stm32f3xx_hal_rcc_ex.c.obj
LOAD CMakeFiles/toy_car.elf.dir/Drivers/STM32F3xx_HAL_Driver/Src/stm32f3xx_hal_spi.c.obj
LOAD CMakeFiles/toy_car.elf.dir/Drivers/STM32F3xx_HAL_Driver/Src/stm32f3xx_hal_spi_ex.c.obj
LOAD CMakeFiles/toy_car.elf.dir/Drivers/STM32F3xx_HAL_Driver/Src/stm32f3xx_hal_tim.c.obj
LOAD CMakeFiles/toy_car.elf.dir/Drivers/STM32F3xx_HAL_Driver/Src/stm32f3xx_hal_tim_ex.c.obj
LOAD CMakeFiles/toy_car.elf.dir/Drivers/STM32F3xx_HAL_Driver/Src/stm32f3xx_ll_usb.c.obj
START GROUP
LOAD /opt/gcc-arm-none-eabi/bin/../lib/gcc/arm-none-eabi/12.2.1/thumb/v7e-m/nofp/libgcc.a
LOAD /opt/gcc-arm-none-eabi/bin/../lib/gcc/arm-none-eabi/12.2.1/../../../../arm-none-eabi/lib/thumb/v7e-m/nofp/libg.a
LOAD /opt/gcc-arm-none-eabi/bin/../lib/gcc/arm-none-eabi/12.2.1/../../../../arm-none-eabi/lib/thumb/v7e-m/nofp/libc.a
END GROUP
LOAD /opt/gcc-arm-none-eabi/bin/../lib/gcc/arm-none-eabi/12.2.1/thumb/v7e-m/nofp/crtend.o
LOAD /opt/gcc-arm-none-eabi/bin/../lib/gcc/arm-none-eabi/12.2.1/thumb/v7e-m/nofp/crtn.o
                0x2000a000                        _estack = (ORIGIN (RAM) + LENGTH (RAM))
                0x00000200                        _Min_Heap_Size = 0x200
                0x00000400                        _Min_Stack_Size = 0x400

.isr_vector     0x08000000      0x188
                0x08000000                        . = ALIGN (0x4)
 *(.isr_vector)
 .isr_vector    0x08000000      0x188 CMakeFiles/toy_car.elf.dir/Core/Startup/startup_stm32f303vctx.s.obj
                0x08000000                g_pfnVectors
                0x08000188                        . = ALIGN (0x4)

.text           0x08000188     0x17d4
                0x08000188                        . = ALIGN (0x4)
 *(.text)
 *(.text*)
 .text.deregister_tm_clones
                0x08000188       0x1c /opt/gcc-arm-none-eabi/bin/../lib/gcc/arm-none-eabi/12.2.1/thumb/v7e-m/nofp/crtbegin.o
 .text.register_tm_clones
                0x080001a4       0x24 /opt/gcc-arm-none-eabi/bin/../lib/gcc/arm-none-eabi/12.2.1/thumb/v7e-m/nofp/crtbegin.o
 .text.__do_global_dtors_aux
                0x080001c8       0x28 /opt/gcc-arm-none-eabi/bin/../lib/gcc/arm-none-eabi/12.2.1/thumb/v7e-m/nofp/crtbegin.o
 .text.frame_dummy
                0x080001f0       0x24 /opt/gcc-arm-none-eabi/bin/../lib/gcc/arm-none-eabi/12.2.1/thumb/v7e-m/nofp/crtbegin.o
 .text.MX_GPIO_Init
                0x08000214       0xc0 CMakeFiles/toy_car.elf.dir/Core/Src/main.c.obj
 .text.Error_Handler
                0x080002d4        0x4 CMakeFiles/toy_car.elf.dir/Core/Src/main.c.obj
                0x080002d4                Error_Handler
 .text.MX_I2C1_Init
                0x080002d8       0x54 CMakeFiles/toy_car.elf.dir/Core/Src/main.c.obj
 .text.MX_SPI1_Init
                0x0800032c       0x48 CMakeFiles/toy_car.elf.dir/Core/Src/main.c.obj
 .text.MX_USB_PCD_Init
                0x08000374       0x2c CMakeFiles/toy_car.elf.dir/Core/Src/main.c.obj
 .text.SystemClock_Config
                0x080003a0       0x98 CMakeFiles/toy_car.elf.dir/Core/Src/main.c.obj
                0x080003a0                SystemClock_Config
 .text.main     0x08000438       0x1c CMakeFiles/toy_car.elf.dir/Core/Src/main.c.obj
                0x08000438                main
 .text.HAL_MspInit
                0x08000454       0x3c CMakeFiles/toy_car.elf.dir/Core/Src/stm32f3xx_hal_msp.c.obj
                0x08000454                HAL_MspInit
 .text.HAL_I2C_MspInit
                0x08000490       0x6c CMakeFiles/toy_car.elf.dir/Core/Src/stm32f3xx_hal_msp.c.obj
                0x08000490                HAL_I2C_MspInit
 .text.HAL_SPI_MspInit
                0x080004fc       0x68 CMakeFiles/toy_car.elf.dir/Core/Src/stm32f3xx_hal_msp.c.obj
                0x080004fc                HAL_SPI_MspInit
 .text.HAL_PCD_MspInit
                0x08000564       0x68 CMakeFiles/toy_car.elf.dir/Core/Src/stm32f3xx_hal_msp.c.obj
                0x08000564                HAL_PCD_MspInit
 .text.NMI_Handler
                0x080005cc        0x2 CMakeFiles/toy_car.elf.dir/Core/Src/stm32f3xx_it.c.obj
                0x080005cc                NMI_Handler
 .text.HardFault_Handler
                0x080005ce        0x2 CMakeFiles/toy_car.elf.dir/Core/Src/stm32f3xx_it.c.obj
                0x080005ce                HardFault_Handler
 .text.MemManage_Handler
                0x080005d0        0x2 CMakeFiles/toy_car.elf.dir/Core/Src/stm32f3xx_it.c.obj
                0x080005d0                MemManage_Handler
 .text.BusFault_Handler
                0x080005d2        0x2 CMakeFiles/toy_car.elf.dir/Core/Src/stm32f3xx_it.c.obj
                0x080005d2                BusFault_Handler
 .text.UsageFault_Handler
                0x080005d4        0x2 CMakeFiles/toy_car.elf.dir/Core/Src/stm32f3xx_it.c.obj
                0x080005d4                UsageFault_Handler
 .text.SVC_Handler
                0x080005d6        0x2 CMakeFiles/toy_car.elf.dir/Core/Src/stm32f3xx_it.c.obj
                0x080005d6                SVC_Handler
 .text.DebugMon_Handler
                0x080005d8        0x2 CMakeFiles/toy_car.elf.dir/Core/Src/stm32f3xx_it.c.obj
                0x080005d8                DebugMon_Handler
 .text.PendSV_Handler
                0x080005da        0x2 CMakeFiles/toy_car.elf.dir/Core/Src/stm32f3xx_it.c.obj
                0x080005da                PendSV_Handler
 .text.SysTick_Handler
                0x080005dc        0x8 CMakeFiles/toy_car.elf.dir/Core/Src/stm32f3xx_it.c.obj
                0x080005dc                SysTick_Handler
 .text.SystemInit
                0x080005e4        0x2 CMakeFiles/toy_car.elf.dir/Core/Src/system_stm32f3xx.c.obj
                0x080005e4                SystemInit
 *fill*         0x080005e6        0x2 
 .text.Reset_Handler
                0x080005e8       0x50 CMakeFiles/toy_car.elf.dir/Core/Startup/startup_stm32f303vctx.s.obj
                0x080005e8                Reset_Handler
 .text.Default_Handler
                0x08000638        0x2 CMakeFiles/toy_car.elf.dir/Core/Startup/startup_stm32f303vctx.s.obj
                0x08000638                RTC_Alarm_IRQHandler
                0x08000638                TIM8_TRG_COM_IRQHandler
                0x08000638                TIM8_CC_IRQHandler
                0x08000638                TIM1_CC_IRQHandler
                0x08000638                USB_HP_IRQHandler
                0x08000638                PVD_IRQHandler
                0x08000638                TAMP_STAMP_IRQHandler
                0x08000638                EXTI3_IRQHandler
                0x08000638                USB_HP_CAN_TX_IRQHandler
                0x08000638                EXTI0_IRQHandler
                0x08000638                I2C2_EV_IRQHandler
                0x08000638                FPU_IRQHandler
                0x08000638                TIM1_UP_TIM16_IRQHandler
                0x08000638                ADC1_2_IRQHandler
                0x08000638                SPI1_IRQHandler
                0x08000638                CAN_SCE_IRQHandler
                0x08000638                TIM6_DAC_IRQHandler
                0x08000638                TIM8_UP_IRQHandler
                0x08000638                DMA2_Channel2_IRQHandler
                0x08000638                DMA1_Channel4_IRQHandler
                0x08000638                USART3_IRQHandler
                0x08000638                DMA1_Channel7_IRQHandler
                0x08000638                UART5_IRQHandler
                0x08000638                ADC3_IRQHandler
                0x08000638                TIM4_IRQHandler
                0x08000638                CAN_RX1_IRQHandler
                0x08000638                DMA2_Channel1_IRQHandler
                0x08000638                I2C1_EV_IRQHandler
                0x08000638                DMA1_Channel6_IRQHandler
                0x08000638                UART4_IRQHandler
                0x08000638                DMA2_Channel4_IRQHandler
                0x08000638                TIM3_IRQHandler
                0x08000638                RCC_IRQHandler
                0x08000638                DMA1_Channel1_IRQHandler
                0x08000638                Default_Handler
                0x08000638                USBWakeUp_RMP_IRQHandler
                0x08000638                EXTI15_10_IRQHandler
                0x08000638                TIM7_IRQHandler
                0x08000638                EXTI9_5_IRQHandler
                0x08000638                RTC_WKUP_IRQHandler
                0x08000638                SPI2_IRQHandler
                0x08000638                USB_LP_CAN_RX0_IRQHandler
                0x08000638                DMA2_Channel5_IRQHandler
                0x08000638                DMA1_Channel5_IRQHandler
                0x08000638                USB_LP_IRQHandler
                0x08000638                EXTI4_IRQHandler
                0x08000638                TIM1_TRG_COM_TIM17_IRQHandler
                0x08000638                DMA1_Channel3_IRQHandler
                0x08000638                ADC4_IRQHandler
                0x08000638                WWDG_IRQHandler
                0x08000638                TIM2_IRQHandler
                0x08000638                COMP7_IRQHandler
                0x08000638                COMP1_2_3_IRQHandler
                0x08000638                EXTI1_IRQHandler
                0x08000638                USART2_IRQHandler
                0x08000638                COMP4_5_6_IRQHandler
                0x08000638                I2C2_ER_IRQHandler
                0x08000638                DMA1_Channel2_IRQHandler
                0x08000638                TIM8_BRK_IRQHandler
                0x08000638                FLASH_IRQHandler
                0x08000638                USART1_IRQHandler
                0x08000638                SPI3_IRQHandler
                0x08000638                I2C1_ER_IRQHandler
                0x08000638                USBWakeUp_IRQHandler
                0x08000638                DMA2_Channel3_IRQHandler
                0x08000638                EXTI2_TSC_IRQHandler
                0x08000638                TIM1_BRK_TIM15_IRQHandler
 *fill*         0x0800063a        0x2 
 .text.HAL_InitTick
                0x0800063c       0x4c CMakeFiles/toy_car.elf.dir/Drivers/STM32F3xx_HAL_Driver/Src/stm32f3xx_hal.c.obj
                0x0800063c                HAL_InitTick
 .text.HAL_Init
                0x08000688       0x24 CMakeFiles/toy_car.elf.dir/Drivers/STM32F3xx_HAL_Driver/Src/stm32f3xx_hal.c.obj
                0x08000688                HAL_Init
 .text.HAL_IncTick
                0x080006ac       0x18 CMakeFiles/toy_car.elf.dir/Drivers/STM32F3xx_HAL_Driver/Src/stm32f3xx_hal.c.obj
                0x080006ac                HAL_IncTick
 .text.HAL_GetTick
                0x080006c4        0xc CMakeFiles/toy_car.elf.dir/Drivers/STM32F3xx_HAL_Driver/Src/stm32f3xx_hal.c.obj
                0x080006c4                HAL_GetTick
 .text.__NVIC_SetPriority
                0x080006d0       0x28 CMakeFiles/toy_car.elf.dir/Drivers/STM32F3xx_HAL_Driver/Src/stm32f3xx_hal_cortex.c.obj
 .text.NVIC_EncodePriority
                0x080006f8       0x3e CMakeFiles/toy_car.elf.dir/Drivers/STM32F3xx_HAL_Driver/Src/stm32f3xx_hal_cortex.c.obj
 *fill*         0x08000736        0x2 
 .text.HAL_NVIC_SetPriorityGrouping
                0x08000738       0x24 CMakeFiles/toy_car.elf.dir/Drivers/STM32F3xx_HAL_Driver/Src/stm32f3xx_hal_cortex.c.obj
                0x08000738                HAL_NVIC_SetPriorityGrouping
 .text.HAL_NVIC_SetPriority
                0x0800075c       0x20 CMakeFiles/toy_car.elf.dir/Drivers/STM32F3xx_HAL_Driver/Src/stm32f3xx_hal_cortex.c.obj
                0x0800075c                HAL_NVIC_SetPriority
 .text.HAL_SYSTICK_Config
                0x0800077c       0x28 CMakeFiles/toy_car.elf.dir/Drivers/STM32F3xx_HAL_Driver/Src/stm32f3xx_hal_cortex.c.obj
                0x0800077c                HAL_SYSTICK_Config
 .text.HAL_GPIO_Init
                0x080007a4      0x1d0 CMakeFiles/toy_car.elf.dir/Drivers/STM32F3xx_HAL_Driver/Src/stm32f3xx_hal_gpio.c.obj
                0x080007a4                HAL_GPIO_Init
 .text.HAL_GPIO_WritePin
                0x08000974        0xa CMakeFiles/toy_car.elf.dir/Drivers/STM32F3xx_HAL_Driver/Src/stm32f3xx_hal_gpio.c.obj
                0x08000974                HAL_GPIO_WritePin
 .text.HAL_I2C_Init
                0x0800097e       0xbc CMakeFiles/toy_car.elf.dir/Drivers/STM32F3xx_HAL_Driver/Src/stm32f3xx_hal_i2c.c.obj
                0x0800097e                HAL_I2C_Init
 .text.HAL_I2CEx_ConfigAnalogFilter
                0x08000a3a       0x5c CMakeFiles/toy_car.elf.dir/Drivers/STM32F3xx_HAL_Driver/Src/stm32f3xx_hal_i2c_ex.c.obj
                0x08000a3a                HAL_I2CEx_ConfigAnalogFilter
 .text.HAL_I2CEx_ConfigDigitalFilter
                0x08000a96       0x58 CMakeFiles/toy_car.elf.dir/Drivers/STM32F3xx_HAL_Driver/Src/stm32f3xx_hal_i2c_ex.c.obj
                0x08000a96                HAL_I2CEx_ConfigDigitalFilter
 .text.HAL_PCD_Init
                0x08000aee       0xca CMakeFiles/toy_car.elf.dir/Drivers/STM32F3xx_HAL_Driver/Src/stm32f3xx_hal_pcd.c.obj
                0x08000aee                HAL_PCD_Init
 .text.HAL_RCC_OscConfig
                0x08000bb8      0x630 CMakeFiles/toy_car.elf.dir/Drivers/STM32F3xx_HAL_Driver/Src/stm32f3xx_hal_rcc.c.obj
                0x08000bb8                HAL_RCC_OscConfig
 .text.HAL_RCC_GetSysClockFreq
                0x080011e8       0x70 CMakeFiles/toy_car.elf.dir/Drivers/STM32F3xx_HAL_Driver/Src/stm32f3xx_hal_rcc.c.obj
                0x080011e8                HAL_RCC_GetSysClockFreq
 .text.HAL_RCC_ClockConfig
                0x08001258      0x1a8 CMakeFiles/toy_car.elf.dir/Drivers/STM32F3xx_HAL_Driver/Src/stm32f3xx_hal_rcc.c.obj
                0x08001258                HAL_RCC_ClockConfig
 .text.HAL_RCCEx_PeriphCLKConfig
                0x08001400      0x260 CMakeFiles/toy_car.elf.dir/Drivers/STM32F3xx_HAL_Driver/Src/stm32f3xx_hal_rcc_ex.c.obj
                0x08001400                HAL_RCCEx_PeriphCLKConfig
 .text.HAL_SPI_Init
                0x08001660       0xe8 CMakeFiles/toy_car.elf.dir/Drivers/STM32F3xx_HAL_Driver/Src/stm32f3xx_hal_spi.c.obj
                0x08001660                HAL_SPI_Init
 .text.USB_DisableGlobalInt
                0x08001748       0x14 CMakeFiles/toy_car.elf.dir/Drivers/STM32F3xx_HAL_Driver/Src/stm32f3xx_ll_usb.c.obj
                0x08001748                USB_DisableGlobalInt
 .text.USB_DevInit
                0x0800175c       0x22 CMakeFiles/toy_car.elf.dir/Drivers/STM32F3xx_HAL_Driver/Src/stm32f3xx_ll_usb.c.obj
                0x0800175c                USB_DevInit
 *fill*         0x0800177e        0x2 
 .text.startup.register_fini
                0x08001780       0x14 /opt/gcc-arm-none-eabi/bin/../lib/gcc/arm-none-eabi/12.2.1/../../../../arm-none-eabi/lib/thumb/v7e-m/nofp/libg.a(libc_a-__call_atexit.o)
 .text.memset   0x08001794       0xa4 /opt/gcc-arm-none-eabi/bin/../lib/gcc/arm-none-eabi/12.2.1/../../../../arm-none-eabi/lib/thumb/v7e-m/nofp/libg.a(libc_a-memset.o)
                0x08001794                memset
 .text.__libc_init_array
                0x08001838       0x50 /opt/gcc-arm-none-eabi/bin/../lib/gcc/arm-none-eabi/12.2.1/../../../../arm-none-eabi/lib/thumb/v7e-m/nofp/libg.a(libc_a-init.o)
                0x08001838                __libc_init_array
 .text.__libc_fini_array
                0x08001888       0x28 /opt/gcc-arm-none-eabi/bin/../lib/gcc/arm-none-eabi/12.2.1/../../../../arm-none-eabi/lib/thumb/v7e-m/nofp/libg.a(libc_a-fini.o)
                0x08001888                __libc_fini_array
 .text.__retarget_lock_acquire_recursive
                0x080018b0        0x4 /opt/gcc-arm-none-eabi/bin/../lib/gcc/arm-none-eabi/12.2.1/../../../../arm-none-eabi/lib/thumb/v7e-m/nofp/libg.a(libc_a-lock.o)
                0x080018b0                __retarget_lock_acquire_recursive
 .text.__retarget_lock_release_recursive
                0x080018b4        0x4 /opt/gcc-arm-none-eabi/bin/../lib/gcc/arm-none-eabi/12.2.1/../../../../arm-none-eabi/lib/thumb/v7e-m/nofp/libg.a(libc_a-lock.o)
                0x080018b4                __retarget_lock_release_recursive
 .text.atexit   0x080018b8        0xc /opt/gcc-arm-none-eabi/bin/../lib/gcc/arm-none-eabi/12.2.1/../../../../arm-none-eabi/lib/thumb/v7e-m/nofp/libg.a(libc_a-atexit.o)
                0x080018b8                atexit
 .text.__register_exitproc
                0x080018c4       0x80 /opt/gcc-arm-none-eabi/bin/../lib/gcc/arm-none-eabi/12.2.1/../../../../arm-none-eabi/lib/thumb/v7e-m/nofp/libg.a(libc_a-__atexit.o)
                0x080018c4                __register_exitproc
 *(.glue_7)
 .glue_7        0x08001944        0x0 linker stubs
 *(.glue_7t)
 .glue_7t       0x08001944        0x0 linker stubs
 *(.eh_frame)
 .eh_frame      0x08001944        0x0 /opt/gcc-arm-none-eabi/bin/../lib/gcc/arm-none-eabi/12.2.1/thumb/v7e-m/nofp/crtbegin.o
 *(.init)
 .init          0x08001944        0x4 /opt/gcc-arm-none-eabi/bin/../lib/gcc/arm-none-eabi/12.2.1/thumb/v7e-m/nofp/crti.o
                0x08001944                _init
 .init          0x08001948        0x8 /opt/gcc-arm-none-eabi/bin/../lib/gcc/arm-none-eabi/12.2.1/thumb/v7e-m/nofp/crtn.o
 *(.fini)
 .fini          0x08001950        0x4 /opt/gcc-arm-none-eabi/bin/../lib/gcc/arm-none-eabi/12.2.1/thumb/v7e-m/nofp/crti.o
                0x08001950                _fini
 .fini          0x08001954        0x8 /opt/gcc-arm-none-eabi/bin/../lib/gcc/arm-none-eabi/12.2.1/thumb/v7e-m/nofp/crtn.o
                0x0800195c                        . = ALIGN (0x4)
                0x0800195c                        _etext = .

.vfp11_veneer   0x0800195c        0x0
 .vfp11_veneer  0x0800195c        0x0 linker stubs

.v4_bx          0x0800195c        0x0
 .v4_bx         0x0800195c        0x0 linker stubs

.iplt           0x0800195c        0x0
 .iplt          0x0800195c        0x0 /opt/gcc-arm-none-eabi/bin/../lib/gcc/arm-none-eabi/12.2.1/thumb/v7e-m/nofp/crtbegin.o

.rodata         0x0800195c       0x30
                0x0800195c                        . = ALIGN (0x4)
 *(.rodata)
 *(.rodata*)
 .rodata.AHBPrescTable
                0x0800195c       0x10 CMakeFiles/toy_car.elf.dir/Core/Src/system_stm32f3xx.c.obj
                0x0800195c                AHBPrescTable
 .rodata.aPredivFactorTable
                0x0800196c       0x10 CMakeFiles/toy_car.elf.dir/Drivers/STM32F3xx_HAL_Driver/Src/stm32f3xx_hal_rcc.c.obj
 .rodata.aPLLMULFactorTable
                0x0800197c       0x10 CMakeFiles/toy_car.elf.dir/Drivers/STM32F3xx_HAL_Driver/Src/stm32f3xx_hal_rcc.c.obj
                0x0800198c                        . = ALIGN (0x4)

.rel.dyn        0x0800198c        0x0
 .rel.iplt      0x0800198c        0x0 /opt/gcc-arm-none-eabi/bin/../lib/gcc/arm-none-eabi/12.2.1/thumb/v7e-m/nofp/crtbegin.o

.ARM.extab      0x0800198c        0x0
                0x0800198c                        . = ALIGN (0x4)
 *(.ARM.extab* .gnu.linkonce.armextab.*)
                0x0800198c                        . = ALIGN (0x4)

.ARM            0x0800198c        0x0
                0x0800198c                        . = ALIGN (0x4)
                0x0800198c                        __exidx_start = .
 *(.ARM.exidx*)
                0x0800198c                        __exidx_end = .
                0x0800198c                        . = ALIGN (0x4)

.preinit_array  0x0800198c        0x0
                0x0800198c                        . = ALIGN (0x4)
                0x0800198c                        PROVIDE (__preinit_array_start = .)
 *(.preinit_array*)
                0x0800198c                        PROVIDE (__preinit_array_end = .)
                0x0800198c                        . = ALIGN (0x4)

.init_array     0x0800198c        0x8
                0x0800198c                        . = ALIGN (0x4)
                0x0800198c                        PROVIDE (__init_array_start = .)
 *(SORT_BY_NAME(.init_array.*))
 .init_array.00000
                0x0800198c        0x4 /opt/gcc-arm-none-eabi/bin/../lib/gcc/arm-none-eabi/12.2.1/../../../../arm-none-eabi/lib/thumb/v7e-m/nofp/libg.a(libc_a-__call_atexit.o)
 *(.init_array*)
 .init_array    0x08001990        0x4 /opt/gcc-arm-none-eabi/bin/../lib/gcc/arm-none-eabi/12.2.1/thumb/v7e-m/nofp/crtbegin.o
                0x08001994                        PROVIDE (__init_array_end = .)
                0x08001994                        . = ALIGN (0x4)

.fini_array     0x08001994        0x4
                0x08001994                        . = ALIGN (0x4)
                0x08001994                        PROVIDE (__fini_array_start = .)
 *(SORT_BY_NAME(.fini_array.*))
 *(.fini_array*)
 .fini_array    0x08001994        0x4 /opt/gcc-arm-none-eabi/bin/../lib/gcc/arm-none-eabi/12.2.1/thumb/v7e-m/nofp/crtbegin.o
                0x08001998                        PROVIDE (__fini_array_end = .)
                0x08001998                        . = ALIGN (0x4)
                0x08001998                        _sidata = LOADADDR (.data)

.data           0x20000000       0x10 load address 0x08001998
                0x20000000                        . = ALIGN (0x4)
                0x20000000                        _sdata = .
 *(.data)
 *(.data*)
 .data.SystemCoreClock
                0x20000000        0x4 CMakeFiles/toy_car.elf.dir/Core/Src/system_stm32f3xx.c.obj
                0x20000000                SystemCoreClock
 .data.uwTickFreq
                0x20000004        0x1 CMakeFiles/toy_car.elf.dir/Drivers/STM32F3xx_HAL_Driver/Src/stm32f3xx_hal.c.obj
                0x20000004                uwTickFreq
 *fill*         0x20000005        0x3 
 .data.uwTickPrio
                0x20000008        0x4 CMakeFiles/toy_car.elf.dir/Drivers/STM32F3xx_HAL_Driver/Src/stm32f3xx_hal.c.obj
                0x20000008                uwTickPrio
 .data.__atexit_recursive_mutex
                0x2000000c        0x4 /opt/gcc-arm-none-eabi/bin/../lib/gcc/arm-none-eabi/12.2.1/../../../../arm-none-eabi/lib/thumb/v7e-m/nofp/libg.a(libc_a-__call_atexit.o)
                0x2000000c                __atexit_recursive_mutex
 *(.RamFunc)
 *(.RamFunc*)
                0x20000010                        . = ALIGN (0x4)
                0x20000010                        _edata = .
                0x080019a8                        _siccmram = LOADADDR (.ccmram)

.tm_clone_table
                0x20000010        0x0 load address 0x080019a8
 .tm_clone_table
                0x20000010        0x0 /opt/gcc-arm-none-eabi/bin/../lib/gcc/arm-none-eabi/12.2.1/thumb/v7e-m/nofp/crtbegin.o
 .tm_clone_table
                0x20000010        0x0 /opt/gcc-arm-none-eabi/bin/../lib/gcc/arm-none-eabi/12.2.1/thumb/v7e-m/nofp/crtend.o

.igot.plt       0x20000010        0x0 load address 0x080019a8
 .igot.plt      0x20000010        0x0 /opt/gcc-arm-none-eabi/bin/../lib/gcc/arm-none-eabi/12.2.1/thumb/v7e-m/nofp/crtbegin.o

.ccmram         0x10000000        0x0 load address 0x080019a8
                0x10000000                        . = ALIGN (0x4)
                0x10000000                        _sccmram = .
 *(.ccmram)
 *(.ccmram*)
                0x10000000                        . = ALIGN (0x4)
                0x10000000                        _eccmram = .
                0x10000000                        . = ALIGN (0x4)

.bss            0x20000010      0x55c
                0x20000010                        _sbss = .
                0x20000010                        __bss_start__ = _sbss
 *(.bss)
 *(.bss*)
 .bss.completed.1
                0x20000010        0x1 /opt/gcc-arm-none-eabi/bin/../lib/gcc/arm-none-eabi/12.2.1/thumb/v7e-m/nofp/crtbegin.o
 *fill*         0x20000011        0x3 
 .bss.object.0  0x20000014       0x18 /opt/gcc-arm-none-eabi/bin/../lib/gcc/arm-none-eabi/12.2.1/thumb/v7e-m/nofp/crtbegin.o
 .bss.hpcd_USB_FS
                0x2000002c      0x2ec CMakeFiles/toy_car.elf.dir/Core/Src/main.c.obj
                0x2000002c                hpcd_USB_FS
 .bss.hspi1     0x20000318       0x64 CMakeFiles/toy_car.elf.dir/Core/Src/main.c.obj
                0x20000318                hspi1
 .bss.hi2c1     0x2000037c       0x54 CMakeFiles/toy_car.elf.dir/Core/Src/main.c.obj
                0x2000037c                hi2c1
 .bss.uwTick    0x200003d0        0x4 CMakeFiles/toy_car.elf.dir/Drivers/STM32F3xx_HAL_Driver/Src/stm32f3xx_hal.c.obj
                0x200003d0                uwTick
 .bss.__atexit  0x200003d4        0x4 /opt/gcc-arm-none-eabi/bin/../lib/gcc/arm-none-eabi/12.2.1/../../../../arm-none-eabi/lib/thumb/v7e-m/nofp/libg.a(libc_a-__call_atexit.o)
                0x200003d4                __atexit
 .bss.__lock___atexit_recursive_mutex
                0x200003d8        0x1 /opt/gcc-arm-none-eabi/bin/../lib/gcc/arm-none-eabi/12.2.1/../../../../arm-none-eabi/lib/thumb/v7e-m/nofp/libg.a(libc_a-lock.o)
                0x200003d8                __lock___atexit_recursive_mutex
 *fill*         0x200003d9        0x3 
 .bss.__atexit0
                0x200003dc      0x190 /opt/gcc-arm-none-eabi/bin/../lib/gcc/arm-none-eabi/12.2.1/../../../../arm-none-eabi/lib/thumb/v7e-m/nofp/libg.a(libc_a-__atexit.o)
                0x200003dc                __atexit0
 *(COMMON)
                0x2000056c                        . = ALIGN (0x4)
                0x2000056c                        _ebss = .
                0x2000056c                        __bss_end__ = _ebss

._user_heap_stack
                0x2000056c      0x604
                0x20000570                        . = ALIGN (0x8)
 *fill*         0x2000056c        0x4 
                [!provide]                        PROVIDE (end = .)
                0x20000570                        PROVIDE (_end = .)
                0x20000770                        . = (. + _Min_Heap_Size)
 *fill*         0x20000570      0x200 
                0x20000b70                        . = (. + _Min_Stack_Size)
 *fill*         0x20000770      0x400 
                0x20000b70                        . = ALIGN (0x8)

/DISCARD/
 libc.a(*)
 libm.a(*)
 libgcc.a(*)

.ARM.attributes
                0x00000000       0x2a
 *(.ARM.attributes)
 .ARM.attributes
                0x00000000       0x1e /opt/gcc-arm-none-eabi/bin/../lib/gcc/arm-none-eabi/12.2.1/thumb/v7e-m/nofp/crti.o
 .ARM.attributes
                0x0000001e       0x2e /opt/gcc-arm-none-eabi/bin/../lib/gcc/arm-none-eabi/12.2.1/thumb/v7e-m/nofp/crtbegin.o
 .ARM.attributes
                0x0000004c       0x2e CMakeFiles/toy_car.elf.dir/Core/Src/main.c.obj
 .ARM.attributes
                0x0000007a       0x2e CMakeFiles/toy_car.elf.dir/Core/Src/stm32f3xx_hal_msp.c.obj
 .ARM.attributes
                0x000000a8       0x2e CMakeFiles/toy_car.elf.dir/Core/Src/stm32f3xx_it.c.obj
 .ARM.attributes
                0x000000d6       0x2e CMakeFiles/toy_car.elf.dir/Core/Src/system_stm32f3xx.c.obj
 .ARM.attributes
                0x00000104       0x21 CMakeFiles/toy_car.elf.dir/Core/Startup/startup_stm32f303vctx.s.obj
 .ARM.attributes
                0x00000125       0x2e CMakeFiles/toy_car.elf.dir/Drivers/STM32F3xx_HAL_Driver/Src/stm32f3xx_hal.c.obj
 .ARM.attributes
                0x00000153       0x2e CMakeFiles/toy_car.elf.dir/Drivers/STM32F3xx_HAL_Driver/Src/stm32f3xx_hal_cortex.c.obj
 .ARM.attributes
                0x00000181       0x2e CMakeFiles/toy_car.elf.dir/Drivers/STM32F3xx_HAL_Driver/Src/stm32f3xx_hal_gpio.c.obj
 .ARM.attributes
                0x000001af       0x2e CMakeFiles/toy_car.elf.dir/Drivers/STM32F3xx_HAL_Driver/Src/stm32f3xx_hal_i2c.c.obj
 .ARM.attributes
                0x000001dd       0x2e CMakeFiles/toy_car.elf.dir/Drivers/STM32F3xx_HAL_Driver/Src/stm32f3xx_hal_i2c_ex.c.obj
 .ARM.attributes
                0x0000020b       0x2e CMakeFiles/toy_car.elf.dir/Drivers/STM32F3xx_HAL_Driver/Src/stm32f3xx_hal_pcd.c.obj
 .ARM.attributes
                0x00000239       0x2e CMakeFiles/toy_car.elf.dir/Drivers/STM32F3xx_HAL_Driver/Src/stm32f3xx_hal_rcc.c.obj
 .ARM.attributes
                0x00000267       0x2e CMakeFiles/toy_car.elf.dir/Drivers/STM32F3xx_HAL_Driver/Src/stm32f3xx_hal_rcc_ex.c.obj
 .ARM.attributes
                0x00000295       0x2e CMakeFiles/toy_car.elf.dir/Drivers/STM32F3xx_HAL_Driver/Src/stm32f3xx_hal_spi.c.obj
 .ARM.attributes
                0x000002c3       0x2e CMakeFiles/toy_car.elf.dir/Drivers/STM32F3xx_HAL_Driver/Src/stm32f3xx_ll_usb.c.obj
 .ARM.attributes
                0x000002f1       0x2e /opt/gcc-arm-none-eabi/bin/../lib/gcc/arm-none-eabi/12.2.1/../../../../arm-none-eabi/lib/thumb/v7e-m/nofp/libg.a(libc_a-__call_atexit.o)
 .ARM.attributes
                0x0000031f       0x2e /opt/gcc-arm-none-eabi/bin/../lib/gcc/arm-none-eabi/12.2.1/../../../../arm-none-eabi/lib/thumb/v7e-m/nofp/libg.a(libc_a-memset.o)
 .ARM.attributes
                0x0000034d       0x2e /opt/gcc-arm-none-eabi/bin/../lib/gcc/arm-none-eabi/12.2.1/../../../../arm-none-eabi/lib/thumb/v7e-m/nofp/libg.a(libc_a-init.o)
 .ARM.attributes
                0x0000037b       0x2e /opt/gcc-arm-none-eabi/bin/../lib/gcc/arm-none-eabi/12.2.1/../../../../arm-none-eabi/lib/thumb/v7e-m/nofp/libg.a(libc_a-fini.o)
 .ARM.attributes
                0x000003a9       0x2e /opt/gcc-arm-none-eabi/bin/../lib/gcc/arm-none-eabi/12.2.1/../../../../arm-none-eabi/lib/thumb/v7e-m/nofp/libg.a(libc_a-lock.o)
 .ARM.attributes
                0x000003d7       0x2e /opt/gcc-arm-none-eabi/bin/../lib/gcc/arm-none-eabi/12.2.1/../../../../arm-none-eabi/lib/thumb/v7e-m/nofp/libg.a(libc_a-atexit.o)
 .ARM.attributes
                0x00000405       0x2e /opt/gcc-arm-none-eabi/bin/../lib/gcc/arm-none-eabi/12.2.1/../../../../arm-none-eabi/lib/thumb/v7e-m/nofp/libg.a(libc_a-__atexit.o)
 .ARM.attributes
                0x00000433       0x2e /opt/gcc-arm-none-eabi/bin/../lib/gcc/arm-none-eabi/12.2.1/thumb/v7e-m/nofp/crtend.o
 .ARM.attributes
                0x00000461       0x1e /opt/gcc-arm-none-eabi/bin/../lib/gcc/arm-none-eabi/12.2.1/thumb/v7e-m/nofp/crtn.o
OUTPUT(toy_car.elf elf32-littlearm)
LOAD linker stubs
LOAD /opt/gcc-arm-none-eabi/bin/../lib/gcc/arm-none-eabi/12.2.1/../../../../arm-none-eabi/lib/thumb/v7e-m/nofp/libc.a
LOAD /opt/gcc-arm-none-eabi/bin/../lib/gcc/arm-none-eabi/12.2.1/../../../../arm-none-eabi/lib/thumb/v7e-m/nofp/libm.a
LOAD /opt/gcc-arm-none-eabi/bin/../lib/gcc/arm-none-eabi/12.2.1/thumb/v7e-m/nofp/libgcc.a

.debug_info     0x00000000    0x1031d
 .debug_info    0x00000000     0x15e7 CMakeFiles/toy_car.elf.dir/Core/Src/main.c.obj
 .debug_info    0x000015e7     0x114f CMakeFiles/toy_car.elf.dir/Core/Src/stm32f3xx_hal_msp.c.obj
 .debug_info    0x00002736      0x11d CMakeFiles/toy_car.elf.dir/Core/Src/stm32f3xx_it.c.obj
 .debug_info    0x00002853      0x246 CMakeFiles/toy_car.elf.dir/Core/Src/system_stm32f3xx.c.obj
 .debug_info    0x00002a99       0x30 CMakeFiles/toy_car.elf.dir/Core/Startup/startup_stm32f303vctx.s.obj
 .debug_info    0x00002ac9      0x872 CMakeFiles/toy_car.elf.dir/Drivers/STM32F3xx_HAL_Driver/Src/stm32f3xx_hal.c.obj
 .debug_info    0x0000333b      0xedb CMakeFiles/toy_car.elf.dir/Drivers/STM32F3xx_HAL_Driver/Src/stm32f3xx_hal_cortex.c.obj
 .debug_info    0x00004216      0x630 CMakeFiles/toy_car.elf.dir/Drivers/STM32F3xx_HAL_Driver/Src/stm32f3xx_hal_gpio.c.obj
 .debug_info    0x00004846     0x4051 CMakeFiles/toy_car.elf.dir/Drivers/STM32F3xx_HAL_Driver/Src/stm32f3xx_hal_i2c.c.obj
 .debug_info    0x00008897      0x841 CMakeFiles/toy_car.elf.dir/Drivers/STM32F3xx_HAL_Driver/Src/stm32f3xx_hal_i2c_ex.c.obj
 .debug_info    0x000090d8     0x1b8a CMakeFiles/toy_car.elf.dir/Drivers/STM32F3xx_HAL_Driver/Src/stm32f3xx_hal_pcd.c.obj
 .debug_info    0x0000ac62     0x15b6 CMakeFiles/toy_car.elf.dir/Drivers/STM32F3xx_HAL_Driver/Src/stm32f3xx_hal_rcc.c.obj
 .debug_info    0x0000c218      0x778 CMakeFiles/toy_car.elf.dir/Drivers/STM32F3xx_HAL_Driver/Src/stm32f3xx_hal_rcc_ex.c.obj
 .debug_info    0x0000c990     0x2072 CMakeFiles/toy_car.elf.dir/Drivers/STM32F3xx_HAL_Driver/Src/stm32f3xx_hal_spi.c.obj
 .debug_info    0x0000ea02     0x191b CMakeFiles/toy_car.elf.dir/Drivers/STM32F3xx_HAL_Driver/Src/stm32f3xx_ll_usb.c.obj

.debug_abbrev   0x00000000     0x20b6
 .debug_abbrev  0x00000000      0x2c8 CMakeFiles/toy_car.elf.dir/Core/Src/main.c.obj
 .debug_abbrev  0x000002c8      0x212 CMakeFiles/toy_car.elf.dir/Core/Src/stm32f3xx_hal_msp.c.obj
 .debug_abbrev  0x000004da       0x7c CMakeFiles/toy_car.elf.dir/Core/Src/stm32f3xx_it.c.obj
 .debug_abbrev  0x00000556      0x120 CMakeFiles/toy_car.elf.dir/Core/Src/system_stm32f3xx.c.obj
 .debug_abbrev  0x00000676       0x24 CMakeFiles/toy_car.elf.dir/Core/Startup/startup_stm32f303vctx.s.obj
 .debug_abbrev  0x0000069a      0x241 CMakeFiles/toy_car.elf.dir/Drivers/STM32F3xx_HAL_Driver/Src/stm32f3xx_hal.c.obj
 .debug_abbrev  0x000008db      0x39d CMakeFiles/toy_car.elf.dir/Drivers/STM32F3xx_HAL_Driver/Src/stm32f3xx_hal_cortex.c.obj
 .debug_abbrev  0x00000c78      0x1f8 CMakeFiles/toy_car.elf.dir/Drivers/STM32F3xx_HAL_Driver/Src/stm32f3xx_hal_gpio.c.obj
 .debug_abbrev  0x00000e70      0x299 CMakeFiles/toy_car.elf.dir/Drivers/STM32F3xx_HAL_Driver/Src/stm32f3xx_hal_i2c.c.obj
 .debug_abbrev  0x00001109      0x1c6 CMakeFiles/toy_car.elf.dir/Drivers/STM32F3xx_HAL_Driver/Src/stm32f3xx_hal_i2c_ex.c.obj
 .debug_abbrev  0x000012cf      0x30d CMakeFiles/toy_car.elf.dir/Drivers/STM32F3xx_HAL_Driver/Src/stm32f3xx_hal_pcd.c.obj
 .debug_abbrev  0x000015dc      0x31e CMakeFiles/toy_car.elf.dir/Drivers/STM32F3xx_HAL_Driver/Src/stm32f3xx_hal_rcc.c.obj
 .debug_abbrev  0x000018fa      0x280 CMakeFiles/toy_car.elf.dir/Drivers/STM32F3xx_HAL_Driver/Src/stm32f3xx_hal_rcc_ex.c.obj
 .debug_abbrev  0x00001b7a      0x27c CMakeFiles/toy_car.elf.dir/Drivers/STM32F3xx_HAL_Driver/Src/stm32f3xx_hal_spi.c.obj
 .debug_abbrev  0x00001df6      0x2c0 CMakeFiles/toy_car.elf.dir/Drivers/STM32F3xx_HAL_Driver/Src/stm32f3xx_ll_usb.c.obj

.debug_aranges  0x00000000      0xad8
 .debug_aranges
                0x00000000       0x50 CMakeFiles/toy_car.elf.dir/Core/Src/main.c.obj
 .debug_aranges
                0x00000050       0x50 CMakeFiles/toy_car.elf.dir/Core/Src/stm32f3xx_hal_msp.c.obj
 .debug_aranges
                0x000000a0       0x60 CMakeFiles/toy_car.elf.dir/Core/Src/stm32f3xx_it.c.obj
 .debug_aranges
                0x00000100       0x28 CMakeFiles/toy_car.elf.dir/Core/Src/system_stm32f3xx.c.obj
 .debug_aranges
                0x00000128       0x28 CMakeFiles/toy_car.elf.dir/Core/Startup/startup_stm32f303vctx.s.obj
 .debug_aranges
                0x00000150       0xe0 CMakeFiles/toy_car.elf.dir/Drivers/STM32F3xx_HAL_Driver/Src/stm32f3xx_hal.c.obj
 .debug_aranges
                0x00000230       0xd8 CMakeFiles/toy_car.elf.dir/Drivers/STM32F3xx_HAL_Driver/Src/stm32f3xx_hal_cortex.c.obj
 .debug_aranges
                0x00000308       0x58 CMakeFiles/toy_car.elf.dir/Drivers/STM32F3xx_HAL_Driver/Src/stm32f3xx_hal_gpio.c.obj
 .debug_aranges
                0x00000360      0x2a0 CMakeFiles/toy_car.elf.dir/Drivers/STM32F3xx_HAL_Driver/Src/stm32f3xx_hal_i2c.c.obj
 .debug_aranges
                0x00000600       0x48 CMakeFiles/toy_car.elf.dir/Drivers/STM32F3xx_HAL_Driver/Src/stm32f3xx_hal_i2c_ex.c.obj
 .debug_aranges
                0x00000648      0x140 CMakeFiles/toy_car.elf.dir/Drivers/STM32F3xx_HAL_Driver/Src/stm32f3xx_hal_pcd.c.obj
 .debug_aranges
                0x00000788       0x88 CMakeFiles/toy_car.elf.dir/Drivers/STM32F3xx_HAL_Driver/Src/stm32f3xx_hal_rcc.c.obj
 .debug_aranges
                0x00000810       0x38 CMakeFiles/toy_car.elf.dir/Drivers/STM32F3xx_HAL_Driver/Src/stm32f3xx_hal_rcc_ex.c.obj
 .debug_aranges
                0x00000848      0x1d8 CMakeFiles/toy_car.elf.dir/Drivers/STM32F3xx_HAL_Driver/Src/stm32f3xx_hal_spi.c.obj
 .debug_aranges
                0x00000a20       0xb8 CMakeFiles/toy_car.elf.dir/Drivers/STM32F3xx_HAL_Driver/Src/stm32f3xx_ll_usb.c.obj

.debug_rnglists
                0x00000000      0x9fc
 .debug_rnglists
                0x00000000       0x39 CMakeFiles/toy_car.elf.dir/Core/Src/main.c.obj
 .debug_rnglists
                0x00000039       0x37 CMakeFiles/toy_car.elf.dir/Core/Src/stm32f3xx_hal_msp.c.obj
 .debug_rnglists
                0x00000070       0x43 CMakeFiles/toy_car.elf.dir/Core/Src/stm32f3xx_it.c.obj
 .debug_rnglists
                0x000000b3       0x1a CMakeFiles/toy_car.elf.dir/Core/Src/system_stm32f3xx.c.obj
 .debug_rnglists
                0x000000cd       0x19 CMakeFiles/toy_car.elf.dir/Core/Startup/startup_stm32f303vctx.s.obj
 .debug_rnglists
                0x000000e6       0xa3 CMakeFiles/toy_car.elf.dir/Drivers/STM32F3xx_HAL_Driver/Src/stm32f3xx_hal.c.obj
 .debug_rnglists
                0x00000189       0x9d CMakeFiles/toy_car.elf.dir/Drivers/STM32F3xx_HAL_Driver/Src/stm32f3xx_hal_cortex.c.obj
 .debug_rnglists
                0x00000226       0x3f CMakeFiles/toy_car.elf.dir/Drivers/STM32F3xx_HAL_Driver/Src/stm32f3xx_hal_gpio.c.obj
 .debug_rnglists
                0x00000265      0x21d CMakeFiles/toy_car.elf.dir/Drivers/STM32F3xx_HAL_Driver/Src/stm32f3xx_hal_i2c.c.obj
 .debug_rnglists
                0x00000482       0x31 CMakeFiles/toy_car.elf.dir/Drivers/STM32F3xx_HAL_Driver/Src/stm32f3xx_hal_i2c_ex.c.obj
 .debug_rnglists
                0x000004b3      0x16c CMakeFiles/toy_car.elf.dir/Drivers/STM32F3xx_HAL_Driver/Src/stm32f3xx_hal_pcd.c.obj
 .debug_rnglists
                0x0000061f       0x79 CMakeFiles/toy_car.elf.dir/Drivers/STM32F3xx_HAL_Driver/Src/stm32f3xx_hal_rcc.c.obj
 .debug_rnglists
                0x00000698       0x28 CMakeFiles/toy_car.elf.dir/Drivers/STM32F3xx_HAL_Driver/Src/stm32f3xx_hal_rcc_ex.c.obj
 .debug_rnglists
                0x000006c0      0x171 CMakeFiles/toy_car.elf.dir/Drivers/STM32F3xx_HAL_Driver/Src/stm32f3xx_hal_spi.c.obj
 .debug_rnglists
                0x00000831      0x1cb CMakeFiles/toy_car.elf.dir/Drivers/STM32F3xx_HAL_Driver/Src/stm32f3xx_ll_usb.c.obj

.debug_line     0x00000000     0xf1cb
 .debug_line    0x00000000      0x630 CMakeFiles/toy_car.elf.dir/Core/Src/main.c.obj
 .debug_line    0x00000630      0x43d CMakeFiles/toy_car.elf.dir/Core/Src/stm32f3xx_hal_msp.c.obj
 .debug_line    0x00000a6d      0x1c9 CMakeFiles/toy_car.elf.dir/Core/Src/stm32f3xx_it.c.obj
 .debug_line    0x00000c36      0x22a CMakeFiles/toy_car.elf.dir/Core/Src/system_stm32f3xx.c.obj
 .debug_line    0x00000e60       0x7a CMakeFiles/toy_car.elf.dir/Core/Startup/startup_stm32f303vctx.s.obj
 .debug_line    0x00000eda      0x58a CMakeFiles/toy_car.elf.dir/Drivers/STM32F3xx_HAL_Driver/Src/stm32f3xx_hal.c.obj
 .debug_line    0x00001464      0x847 CMakeFiles/toy_car.elf.dir/Drivers/STM32F3xx_HAL_Driver/Src/stm32f3xx_hal_cortex.c.obj
 .debug_line    0x00001cab      0x6c1 CMakeFiles/toy_car.elf.dir/Drivers/STM32F3xx_HAL_Driver/Src/stm32f3xx_hal_gpio.c.obj
 .debug_line    0x0000236c     0x5097 CMakeFiles/toy_car.elf.dir/Drivers/STM32F3xx_HAL_Driver/Src/stm32f3xx_hal_i2c.c.obj
 .debug_line    0x00007403      0x534 CMakeFiles/toy_car.elf.dir/Drivers/STM32F3xx_HAL_Driver/Src/stm32f3xx_hal_i2c_ex.c.obj
 .debug_line    0x00007937     0x187f CMakeFiles/toy_car.elf.dir/Drivers/STM32F3xx_HAL_Driver/Src/stm32f3xx_hal_pcd.c.obj
 .debug_line    0x000091b6     0x1211 CMakeFiles/toy_car.elf.dir/Drivers/STM32F3xx_HAL_Driver/Src/stm32f3xx_hal_rcc.c.obj
 .debug_line    0x0000a3c7      0xb42 CMakeFiles/toy_car.elf.dir/Drivers/STM32F3xx_HAL_Driver/Src/stm32f3xx_hal_rcc_ex.c.obj
 .debug_line    0x0000af09     0x29ec CMakeFiles/toy_car.elf.dir/Drivers/STM32F3xx_HAL_Driver/Src/stm32f3xx_hal_spi.c.obj
 .debug_line    0x0000d8f5     0x18d6 CMakeFiles/toy_car.elf.dir/Drivers/STM32F3xx_HAL_Driver/Src/stm32f3xx_ll_usb.c.obj

.debug_str      0x00000000     0x380e
 .debug_str     0x00000000      0xf60 CMakeFiles/toy_car.elf.dir/Core/Src/main.c.obj
                               0x1054 (size before relaxing)
 .debug_str     0x00000f60       0xf4 CMakeFiles/toy_car.elf.dir/Core/Src/stm32f3xx_hal_msp.c.obj
                                0xd21 (size before relaxing)
 .debug_str     0x00001054       0xdd CMakeFiles/toy_car.elf.dir/Core/Src/stm32f3xx_it.c.obj
                                0x263 (size before relaxing)
 .debug_str     0x00001131       0xb1 CMakeFiles/toy_car.elf.dir/Core/Src/system_stm32f3xx.c.obj
                                0x2b0 (size before relaxing)
 .debug_str     0x000011e2       0x6a CMakeFiles/toy_car.elf.dir/Core/Startup/startup_stm32f303vctx.s.obj
                                 0xa5 (size before relaxing)
 .debug_str     0x0000124c      0x75a CMakeFiles/toy_car.elf.dir/Drivers/STM32F3xx_HAL_Driver/Src/stm32f3xx_hal.c.obj
                                0x9ee (size before relaxing)
 .debug_str     0x000019a6      0x4c8 CMakeFiles/toy_car.elf.dir/Drivers/STM32F3xx_HAL_Driver/Src/stm32f3xx_hal_cortex.c.obj
                                0xb9e (size before relaxing)
 .debug_str     0x00001e6e      0x14b CMakeFiles/toy_car.elf.dir/Drivers/STM32F3xx_HAL_Driver/Src/stm32f3xx_hal_gpio.c.obj
                                0x469 (size before relaxing)
 .debug_str     0x00001fb9      0x8ec CMakeFiles/toy_car.elf.dir/Drivers/STM32F3xx_HAL_Driver/Src/stm32f3xx_hal_i2c.c.obj
                               0x1010 (size before relaxing)
 .debug_str     0x000028a5       0xde CMakeFiles/toy_car.elf.dir/Drivers/STM32F3xx_HAL_Driver/Src/stm32f3xx_hal_i2c_ex.c.obj
                                0x82f (size before relaxing)
 .debug_str     0x00002983      0x51b CMakeFiles/toy_car.elf.dir/Drivers/STM32F3xx_HAL_Driver/Src/stm32f3xx_hal_pcd.c.obj
                                0xad5 (size before relaxing)
 .debug_str     0x00002e9e      0x208 CMakeFiles/toy_car.elf.dir/Drivers/STM32F3xx_HAL_Driver/Src/stm32f3xx_hal_rcc.c.obj
                                0x6b6 (size before relaxing)
 .debug_str     0x000030a6       0xe4 CMakeFiles/toy_car.elf.dir/Drivers/STM32F3xx_HAL_Driver/Src/stm32f3xx_hal_rcc_ex.c.obj
                                0x572 (size before relaxing)
 .debug_str     0x0000318a      0x586 CMakeFiles/toy_car.elf.dir/Drivers/STM32F3xx_HAL_Driver/Src/stm32f3xx_hal_spi.c.obj
                                0xc1b (size before relaxing)
 .debug_str     0x00003710       0xfe CMakeFiles/toy_car.elf.dir/Drivers/STM32F3xx_HAL_Driver/Src/stm32f3xx_ll_usb.c.obj
                                0x678 (size before relaxing)

.comment        0x00000000       0x55
 .comment       0x00000000       0x55 CMakeFiles/toy_car.elf.dir/Core/Src/main.c.obj
                                 0x56 (size before relaxing)
 .comment       0x00000055       0x56 CMakeFiles/toy_car.elf.dir/Core/Src/stm32f3xx_hal_msp.c.obj
 .comment       0x00000055       0x56 CMakeFiles/toy_car.elf.dir/Core/Src/stm32f3xx_it.c.obj
 .comment       0x00000055       0x56 CMakeFiles/toy_car.elf.dir/Core/Src/system_stm32f3xx.c.obj
 .comment       0x00000055       0x56 CMakeFiles/toy_car.elf.dir/Drivers/STM32F3xx_HAL_Driver/Src/stm32f3xx_hal.c.obj
 .comment       0x00000055       0x56 CMakeFiles/toy_car.elf.dir/Drivers/STM32F3xx_HAL_Driver/Src/stm32f3xx_hal_cortex.c.obj
 .comment       0x00000055       0x56 CMakeFiles/toy_car.elf.dir/Drivers/STM32F3xx_HAL_Driver/Src/stm32f3xx_hal_gpio.c.obj
 .comment       0x00000055       0x56 CMakeFiles/toy_car.elf.dir/Drivers/STM32F3xx_HAL_Driver/Src/stm32f3xx_hal_i2c.c.obj
 .comment       0x00000055       0x56 CMakeFiles/toy_car.elf.dir/Drivers/STM32F3xx_HAL_Driver/Src/stm32f3xx_hal_i2c_ex.c.obj
 .comment       0x00000055       0x56 CMakeFiles/toy_car.elf.dir/Drivers/STM32F3xx_HAL_Driver/Src/stm32f3xx_hal_pcd.c.obj
 .comment       0x00000055       0x56 CMakeFiles/toy_car.elf.dir/Drivers/STM32F3xx_HAL_Driver/Src/stm32f3xx_hal_rcc.c.obj
 .comment       0x00000055       0x56 CMakeFiles/toy_car.elf.dir/Drivers/STM32F3xx_HAL_Driver/Src/stm32f3xx_hal_rcc_ex.c.obj
 .comment       0x00000055       0x56 CMakeFiles/toy_car.elf.dir/Drivers/STM32F3xx_HAL_Driver/Src/stm32f3xx_hal_spi.c.obj
 .comment       0x00000055       0x56 CMakeFiles/toy_car.elf.dir/Drivers/STM32F3xx_HAL_Driver/Src/stm32f3xx_ll_usb.c.obj

.debug_frame    0x00000000     0x1f58
 .debug_frame   0x00000000       0xc4 CMakeFiles/toy_car.elf.dir/Core/Src/main.c.obj
 .debug_frame   0x000000c4       0xd4 CMakeFiles/toy_car.elf.dir/Core/Src/stm32f3xx_hal_msp.c.obj
 .debug_frame   0x00000198       0xa8 CMakeFiles/toy_car.elf.dir/Core/Src/stm32f3xx_it.c.obj
 .debug_frame   0x00000240       0x30 CMakeFiles/toy_car.elf.dir/Core/Src/system_stm32f3xx.c.obj
 .debug_frame   0x00000270      0x1cc CMakeFiles/toy_car.elf.dir/Drivers/STM32F3xx_HAL_Driver/Src/stm32f3xx_hal.c.obj
 .debug_frame   0x0000043c      0x1cc CMakeFiles/toy_car.elf.dir/Drivers/STM32F3xx_HAL_Driver/Src/stm32f3xx_hal_cortex.c.obj
 .debug_frame   0x00000608       0xd0 CMakeFiles/toy_car.elf.dir/Drivers/STM32F3xx_HAL_Driver/Src/stm32f3xx_hal_gpio.c.obj
 .debug_frame   0x000006d8      0x98c CMakeFiles/toy_car.elf.dir/Drivers/STM32F3xx_HAL_Driver/Src/stm32f3xx_hal_i2c.c.obj
 .debug_frame   0x00001064       0x80 CMakeFiles/toy_car.elf.dir/Drivers/STM32F3xx_HAL_Driver/Src/stm32f3xx_hal_i2c_ex.c.obj
 .debug_frame   0x000010e4      0x354 CMakeFiles/toy_car.elf.dir/Drivers/STM32F3xx_HAL_Driver/Src/stm32f3xx_hal_pcd.c.obj
 .debug_frame   0x00001438      0x16c CMakeFiles/toy_car.elf.dir/Drivers/STM32F3xx_HAL_Driver/Src/stm32f3xx_hal_rcc.c.obj
 .debug_frame   0x000015a4       0x70 CMakeFiles/toy_car.elf.dir/Drivers/STM32F3xx_HAL_Driver/Src/stm32f3xx_hal_rcc_ex.c.obj
 .debug_frame   0x00001614      0x5d8 CMakeFiles/toy_car.elf.dir/Drivers/STM32F3xx_HAL_Driver/Src/stm32f3xx_hal_spi.c.obj
 .debug_frame   0x00001bec      0x180 CMakeFiles/toy_car.elf.dir/Drivers/STM32F3xx_HAL_Driver/Src/stm32f3xx_ll_usb.c.obj
 .debug_frame   0x00001d6c       0x5c /opt/gcc-arm-none-eabi/bin/../lib/gcc/arm-none-eabi/12.2.1/../../../../arm-none-eabi/lib/thumb/v7e-m/nofp/libg.a(libc_a-__call_atexit.o)
 .debug_frame   0x00001dc8       0x2c /opt/gcc-arm-none-eabi/bin/../lib/gcc/arm-none-eabi/12.2.1/../../../../arm-none-eabi/lib/thumb/v7e-m/nofp/libg.a(libc_a-memset.o)
 .debug_frame   0x00001df4       0x2c /opt/gcc-arm-none-eabi/bin/../lib/gcc/arm-none-eabi/12.2.1/../../../../arm-none-eabi/lib/thumb/v7e-m/nofp/libg.a(libc_a-init.o)
 .debug_frame   0x00001e20       0x34 /opt/gcc-arm-none-eabi/bin/../lib/gcc/arm-none-eabi/12.2.1/../../../../arm-none-eabi/lib/thumb/v7e-m/nofp/libg.a(libc_a-fini.o)
 .debug_frame   0x00001e54       0xb0 /opt/gcc-arm-none-eabi/bin/../lib/gcc/arm-none-eabi/12.2.1/../../../../arm-none-eabi/lib/thumb/v7e-m/nofp/libg.a(libc_a-lock.o)
 .debug_frame   0x00001f04       0x20 /opt/gcc-arm-none-eabi/bin/../lib/gcc/arm-none-eabi/12.2.1/../../../../arm-none-eabi/lib/thumb/v7e-m/nofp/libg.a(libc_a-atexit.o)
 .debug_frame   0x00001f24       0x34 /opt/gcc-arm-none-eabi/bin/../lib/gcc/arm-none-eabi/12.2.1/../../../../arm-none-eabi/lib/thumb/v7e-m/nofp/libg.a(libc_a-__atexit.o)

.debug_loclists
                0x00000000     0x7ecc
 .debug_loclists
                0x00000000       0xeb CMakeFiles/toy_car.elf.dir/Core/Src/stm32f3xx_hal_msp.c.obj
 .debug_loclists
                0x000000eb       0xbc CMakeFiles/toy_car.elf.dir/Core/Src/system_stm32f3xx.c.obj
 .debug_loclists
                0x000001a7       0xc9 CMakeFiles/toy_car.elf.dir/Drivers/STM32F3xx_HAL_Driver/Src/stm32f3xx_hal.c.obj
 .debug_loclists
                0x00000270      0x439 CMakeFiles/toy_car.elf.dir/Drivers/STM32F3xx_HAL_Driver/Src/stm32f3xx_hal_cortex.c.obj
 .debug_loclists
                0x000006a9      0x267 CMakeFiles/toy_car.elf.dir/Drivers/STM32F3xx_HAL_Driver/Src/stm32f3xx_hal_gpio.c.obj
 .debug_loclists
                0x00000910     0x31c6 CMakeFiles/toy_car.elf.dir/Drivers/STM32F3xx_HAL_Driver/Src/stm32f3xx_hal_i2c.c.obj
 .debug_loclists
                0x00003ad6      0x11d CMakeFiles/toy_car.elf.dir/Drivers/STM32F3xx_HAL_Driver/Src/stm32f3xx_hal_i2c_ex.c.obj
 .debug_loclists
                0x00003bf3      0xccd CMakeFiles/toy_car.elf.dir/Drivers/STM32F3xx_HAL_Driver/Src/stm32f3xx_hal_pcd.c.obj
 .debug_loclists
                0x000048c0      0x850 CMakeFiles/toy_car.elf.dir/Drivers/STM32F3xx_HAL_Driver/Src/stm32f3xx_hal_rcc.c.obj
 .debug_loclists
                0x00005110      0x886 CMakeFiles/toy_car.elf.dir/Drivers/STM32F3xx_HAL_Driver/Src/stm32f3xx_hal_rcc_ex.c.obj
 .debug_loclists
                0x00005996     0x162d CMakeFiles/toy_car.elf.dir/Drivers/STM32F3xx_HAL_Driver/Src/stm32f3xx_hal_spi.c.obj
 .debug_loclists
                0x00006fc3      0xf09 CMakeFiles/toy_car.elf.dir/Drivers/STM32F3xx_HAL_Driver/Src/stm32f3xx_ll_usb.c.obj

.debug_line_str
                0x00000000       0x89
 .debug_line_str
                0x00000000       0x89 CMakeFiles/toy_car.elf.dir/Core/Startup/startup_stm32f303vctx.s.obj
